EN inv4_mxilinx_seven_seg_driver NULL C:/Kristian/Programmer/Xilinx/Karnaugh/Seven_Seg_Driver.vhf sub00/vhpl00 1455478436
AR inv4_mxilinx_seven_seg_driver behavioral C:/Kristian/Programmer/Xilinx/Karnaugh/Seven_Seg_Driver.vhf sub00/vhpl01 1455478437
EN seven_seg_driver NULL C:/Kristian/Programmer/Xilinx/Karnaugh/Seven_Seg_Driver.vhf sub00/vhpl02 1455478438
AR seven_seg_driver behavioral C:/Kristian/Programmer/Xilinx/Karnaugh/Seven_Seg_Driver.vhf sub00/vhpl03 1455478439
